Info: Generated by version: 21.4 build 67
Info: Starting: Create simulation model
Info: qsys-generate C:\Users\tianchu.ji\Documents\block_sparse_test\ips\tensor_core_accu.ip --simulation=VERILOG --allow-mixed-language-simulation --simulator=MODELSIM --output-directory=C:\Users\tianchu.ji\Documents\block_sparse_test\ips\tensor_core_accu --family="Stratix 10" --part=1SN21BHU2F53E2VG
Info: tensor_core_accu: "Transforming system: tensor_core_accu"
Info: tensor_core_accu: "Naming system components in system: tensor_core_accu"
Info: tensor_core_accu: "Processing generation queue"
Info: tensor_core_accu: "Generating: tensor_core_accu"
Info: tensor_core_accu: "Generating: tensor_core_accu_dsp_prime_10_exjexwi"
Info: dsp_prime_0: generating top-level entity tensor_core_accu_dsp_prime_10_exjexwi
Info: tensor_core_accu: Done "tensor_core_accu" with 2 modules, 2 files
Info: Generating the following file(s) for MODELSIM simulator in C:/Users/tianchu.ji/Documents/block_sparse_test/ips/tensor_core_accu/sim/ directory:
Info: 	common/modelsim_files.tcl
Info: For information on how to simulate your IP, see the explanatory comments in the simulator-specific subdirectories under C:/Users/tianchu.ji/Documents/block_sparse_test/ips/tensor_core_accu/sim/.
Info: Regenerate these scripts whenever you make any change to any Quartus-generated IP in your project.
Info: qsys-generate succeeded.
Info: Finished: Create simulation model
Info: Starting: Create simulation script
Info: sim-script-gen --system-file=C:\Users\tianchu.ji\Documents\block_sparse_test\ips\tensor_core_accu.ip --simulator=MODELSIM --output-directory=C:/Users/tianchu.ji/Documents/block_sparse_test/ips/tensor_core_accu/sim/ --use-relative-paths=true
Info: Generating the following file(s) for MODELSIM simulator in C:/Users/tianchu.ji/Documents/block_sparse_test/ips/tensor_core_accu/sim/ directory:
Info: 	mentor/msim_setup.tcl
Info: For information on how to simulate your IP, see the explanatory comments in the simulator-specific subdirectories under C:/Users/tianchu.ji/Documents/block_sparse_test/ips/tensor_core_accu/sim/.
Info: Regenerate these scripts whenever you make any change to any Quartus-generated IP in your project.
Info: Finished: Create simulation script
Info: 
Info: Starting: Create HDL design files for synthesis
Info: qsys-generate C:\Users\tianchu.ji\Documents\block_sparse_test\ips\tensor_core_accu.ip --synthesis=VERILOG --output-directory=C:\Users\tianchu.ji\Documents\block_sparse_test\ips\tensor_core_accu --family="Stratix 10" --part=1SN21BHU2F53E2VG
Info: tensor_core_accu: "Transforming system: tensor_core_accu"
Info: tensor_core_accu: "Naming system components in system: tensor_core_accu"
Info: tensor_core_accu: "Processing generation queue"
Info: tensor_core_accu: "Generating: tensor_core_accu"
Info: tensor_core_accu: "Generating: tensor_core_accu_dsp_prime_10_exjexwi"
Info: dsp_prime_0: generating top-level entity tensor_core_accu_dsp_prime_10_exjexwi
Info: tensor_core_accu: Done "tensor_core_accu" with 2 modules, 2 files
Info: qsys-generate succeeded.
Info: Finished: Create HDL design files for synthesis
