Info: Generated by version: 20.4 build 72
Info: Starting: Create simulation model
Info: qsys-generate C:\Users\tianchu.ji\Documents\quartus_tryer\quartus_proj_new\ips\tensor_core_entry.ip --simulation=VERILOG --allow-mixed-language-simulation --output-directory=C:\Users\tianchu.ji\Documents\quartus_tryer\quartus_proj_new\ips\tensor_core_entry --family="Stratix 10" --part=1SN21BHU2F53E2VG
Info: tensor_core_entry: "Transforming system: tensor_core_entry"
Info: tensor_core_entry: "Naming system components in system: tensor_core_entry"
Info: tensor_core_entry: "Processing generation queue"
Info: tensor_core_entry: "Generating: tensor_core_entry"
Info: tensor_core_entry: "Generating: tensor_core_entry_dsp_prime_10_xvnc6va"
Info: dsp_prime_0: generating top-level entity tensor_core_entry_dsp_prime_10_xvnc6va
Info: tensor_core_entry: Done "tensor_core_entry" with 2 modules, 2 files
Info: Generating the following file(s) for MODELSIM simulator in C:/Users/tianchu.ji/Documents/quartus_tryer/quartus_proj_new/ips/tensor_core_entry/sim/ directory:
Info: 	common/modelsim_files.tcl
Info: Generating the following file(s) for RIVIERA simulator in C:/Users/tianchu.ji/Documents/quartus_tryer/quartus_proj_new/ips/tensor_core_entry/sim/ directory:
Info: 	common/riviera_files.tcl
Info: For information on how to simulate your IP, see the explanatory comments in the simulator-specific subdirectories under C:/Users/tianchu.ji/Documents/quartus_tryer/quartus_proj_new/ips/tensor_core_entry/sim/.
Info: Regenerate these scripts whenever you make any change to any Quartus-generated IP in your project.
Info: qsys-generate succeeded.
Info: Finished: Create simulation model
Info: Starting: Create Modelsim Project.
Info: sim-script-gen --system-file=C:\Users\tianchu.ji\Documents\quartus_tryer\quartus_proj_new\ips\tensor_core_entry.ip --output-directory=C:/Users/tianchu.ji/Documents/quartus_tryer/quartus_proj_new/ips/tensor_core_entry/sim/ --use-relative-paths=true
Info: Generating the following file(s) for MODELSIM simulator in C:/Users/tianchu.ji/Documents/quartus_tryer/quartus_proj_new/ips/tensor_core_entry/sim/ directory:
Info: 	mentor/msim_setup.tcl
Info: Generating the following file(s) for RIVIERA simulator in C:/Users/tianchu.ji/Documents/quartus_tryer/quartus_proj_new/ips/tensor_core_entry/sim/ directory:
Info: 	aldec/rivierapro_setup.tcl
Info: For information on how to simulate your IP, see the explanatory comments in the simulator-specific subdirectories under C:/Users/tianchu.ji/Documents/quartus_tryer/quartus_proj_new/ips/tensor_core_entry/sim/.
Info: Regenerate these scripts whenever you make any change to any Quartus-generated IP in your project.
Info: Finished: Create Modelsim Project.
Info: Starting: Create block symbol file (.bsf)
Info: qsys-generate C:\Users\tianchu.ji\Documents\quartus_tryer\quartus_proj_new\ips\tensor_core_entry.ip --block-symbol-file --output-directory=C:\Users\tianchu.ji\Documents\quartus_tryer\quartus_proj_new\ips\tensor_core_entry --family="Stratix 10" --part=1SN21BHU2F53E2VG
Info: qsys-generate succeeded.
Info: Finished: Create block symbol file (.bsf)
Info: 
Info: Starting: Create HDL design files for synthesis
Info: qsys-generate C:\Users\tianchu.ji\Documents\quartus_tryer\quartus_proj_new\ips\tensor_core_entry.ip --synthesis=VERILOG --output-directory=C:\Users\tianchu.ji\Documents\quartus_tryer\quartus_proj_new\ips\tensor_core_entry --family="Stratix 10" --part=1SN21BHU2F53E2VG
Info: tensor_core_entry: "Transforming system: tensor_core_entry"
Info: tensor_core_entry: "Naming system components in system: tensor_core_entry"
Info: tensor_core_entry: "Processing generation queue"
Info: tensor_core_entry: "Generating: tensor_core_entry"
Info: tensor_core_entry: "Generating: tensor_core_entry_dsp_prime_10_xvnc6va"
Info: dsp_prime_0: generating top-level entity tensor_core_entry_dsp_prime_10_xvnc6va
Info: tensor_core_entry: Done "tensor_core_entry" with 2 modules, 4 files
Info: qsys-generate succeeded.
Info: Finished: Create HDL design files for synthesis
Info: Starting: Generate IP Core Documentation
Info: No documentation filesets were found for components in tensor_core_entry. No files generated.
Info: Finished: Generate IP Core Documentation
