Info: Generated by version: 20.4 build 72
Info: Starting: Create simulation model
Info: qsys-generate C:\Users\tianchu.ji\Documents\tensor_core_array_proj\quartus_proj\in_buffer.ip --simulation=VERILOG --allow-mixed-language-simulation --output-directory=C:\Users\tianchu.ji\Documents\tensor_core_array_proj\quartus_proj\in_buffer --family="Stratix 10" --part=1SN21BHU2F53E2VG
: in_buffer.ram_2port_0: Targeting device family: Stratix 10.
: in_buffer.ram_2port_0: In 'Widths/Blk Type' tab, field for 'q_a' output bus will be ignored while using one read port and one write port mode.
: in_buffer.ram_2port_0: 'Same Port Read-During-Write' tab is unavailable while using one read port and one write port.
: in_buffer.ram_2port_0: In 'Performance Optimization' tab, Stratix 10 does not support 'Timing/Power Optimization' feature.
Info: in_buffer: "Transforming system: in_buffer"
Info: in_buffer: "Naming system components in system: in_buffer"
Info: in_buffer: "Processing generation queue"
Info: in_buffer: "Generating: in_buffer"
Info: in_buffer: "Generating: in_buffer_ram_2port_2020_mficbca"
Info: in_buffer: Done "in_buffer" with 2 modules, 2 files
Info: Generating the following file(s) for MODELSIM simulator in C:/Users/tianchu.ji/Documents/tensor_core_array_proj/quartus_proj/in_buffer/sim/ directory:
Info: 	common/modelsim_files.tcl
Info: Generating the following file(s) for RIVIERA simulator in C:/Users/tianchu.ji/Documents/tensor_core_array_proj/quartus_proj/in_buffer/sim/ directory:
Info: 	common/riviera_files.tcl
Info: For information on how to simulate your IP, see the explanatory comments in the simulator-specific subdirectories under C:/Users/tianchu.ji/Documents/tensor_core_array_proj/quartus_proj/in_buffer/sim/.
Info: Regenerate these scripts whenever you make any change to any Quartus-generated IP in your project.
Info: qsys-generate succeeded.
Info: Finished: Create simulation model
Info: Starting: Create Modelsim Project.
Info: sim-script-gen --system-file=C:\Users\tianchu.ji\Documents\tensor_core_array_proj\quartus_proj\in_buffer.ip --output-directory=C:/Users/tianchu.ji/Documents/tensor_core_array_proj/quartus_proj/in_buffer/sim/ --use-relative-paths=true
Info: Generating the following file(s) for MODELSIM simulator in C:/Users/tianchu.ji/Documents/tensor_core_array_proj/quartus_proj/in_buffer/sim/ directory:
Info: 	mentor/msim_setup.tcl
Info: Generating the following file(s) for RIVIERA simulator in C:/Users/tianchu.ji/Documents/tensor_core_array_proj/quartus_proj/in_buffer/sim/ directory:
Info: 	aldec/rivierapro_setup.tcl
Info: For information on how to simulate your IP, see the explanatory comments in the simulator-specific subdirectories under C:/Users/tianchu.ji/Documents/tensor_core_array_proj/quartus_proj/in_buffer/sim/.
Info: Regenerate these scripts whenever you make any change to any Quartus-generated IP in your project.
Info: Finished: Create Modelsim Project.
Info: 
Info: Starting: Create HDL design files for synthesis
Info: qsys-generate C:\Users\tianchu.ji\Documents\tensor_core_array_proj\quartus_proj\in_buffer.ip --synthesis=VERILOG --output-directory=C:\Users\tianchu.ji\Documents\tensor_core_array_proj\quartus_proj\in_buffer --family="Stratix 10" --part=1SN21BHU2F53E2VG
: in_buffer.ram_2port_0: Targeting device family: Stratix 10.
: in_buffer.ram_2port_0: In 'Widths/Blk Type' tab, field for 'q_a' output bus will be ignored while using one read port and one write port mode.
: in_buffer.ram_2port_0: 'Same Port Read-During-Write' tab is unavailable while using one read port and one write port.
: in_buffer.ram_2port_0: In 'Performance Optimization' tab, Stratix 10 does not support 'Timing/Power Optimization' feature.
Info: in_buffer: "Transforming system: in_buffer"
Info: in_buffer: "Naming system components in system: in_buffer"
Info: in_buffer: "Processing generation queue"
Info: in_buffer: "Generating: in_buffer"
Info: in_buffer: "Generating: in_buffer_ram_2port_2020_mficbca"
Info: in_buffer: Done "in_buffer" with 2 modules, 2 files
Info: qsys-generate succeeded.
Info: Finished: Create HDL design files for synthesis
Info: Starting: IP-XACT
Info: qsys-generate C:\Users\tianchu.ji\Documents\tensor_core_array_proj\quartus_proj\in_buffer.ip --synthesis=VERILOG --ipxact --output-directory=C:\Users\tianchu.ji\Documents\tensor_core_array_proj\quartus_proj\in_buffer --family="Stratix 10" --part=1SN21BHU2F53E2VG
Info: Finished: IP-XACT
