Info: Generated by version: 20.4 build 72
Info: Starting: Create simulation model
Info: qsys-generate C:\Users\tianchu.ji\Documents\MvmTensorCore\ips\out_fifo.ip --simulation=VERILOG --allow-mixed-language-simulation --output-directory=C:\Users\tianchu.ji\Documents\MvmTensorCore\ips\out_fifo --family="Stratix 10" --part=1SN21BHU2F53E2VG
: out_fifo.fifo_0: Targeting device family: Stratix 10.
: out_fifo.fifo_0: Tab: 'DCFIFO 1' is unavailable while using Single-Clock FIFO.
: out_fifo.fifo_0: Tab: 'DCFIFO 2' is unavailable while using Single-Clock FIFO.
Info: out_fifo: "Transforming system: out_fifo"
Info: out_fifo: "Naming system components in system: out_fifo"
Info: out_fifo: "Processing generation queue"
Info: out_fifo: "Generating: out_fifo"
Info: out_fifo: "Generating: out_fifo_fifo_1910_tx5cw3y"
Info: out_fifo: Done "out_fifo" with 2 modules, 2 files
Info: Generating the following file(s) for MODELSIM simulator in C:/Users/tianchu.ji/Documents/MvmTensorCore/ips/out_fifo/sim/ directory:
Info: 	common/modelsim_files.tcl
Info: Generating the following file(s) for RIVIERA simulator in C:/Users/tianchu.ji/Documents/MvmTensorCore/ips/out_fifo/sim/ directory:
Info: 	common/riviera_files.tcl
Info: For information on how to simulate your IP, see the explanatory comments in the simulator-specific subdirectories under C:/Users/tianchu.ji/Documents/MvmTensorCore/ips/out_fifo/sim/.
Info: Regenerate these scripts whenever you make any change to any Quartus-generated IP in your project.
Info: qsys-generate succeeded.
Info: Finished: Create simulation model
Info: Starting: Create Modelsim Project.
Info: sim-script-gen --system-file=C:\Users\tianchu.ji\Documents\MvmTensorCore\ips\out_fifo.ip --output-directory=C:/Users/tianchu.ji/Documents/MvmTensorCore/ips/out_fifo/sim/ --use-relative-paths=true
Info: Generating the following file(s) for MODELSIM simulator in C:/Users/tianchu.ji/Documents/MvmTensorCore/ips/out_fifo/sim/ directory:
Info: 	mentor/msim_setup.tcl
Info: Generating the following file(s) for RIVIERA simulator in C:/Users/tianchu.ji/Documents/MvmTensorCore/ips/out_fifo/sim/ directory:
Info: 	aldec/rivierapro_setup.tcl
Info: For information on how to simulate your IP, see the explanatory comments in the simulator-specific subdirectories under C:/Users/tianchu.ji/Documents/MvmTensorCore/ips/out_fifo/sim/.
Info: Regenerate these scripts whenever you make any change to any Quartus-generated IP in your project.
Info: Finished: Create Modelsim Project.
Info: 
Info: Starting: Create HDL design files for synthesis
Info: qsys-generate C:\Users\tianchu.ji\Documents\MvmTensorCore\ips\out_fifo.ip --synthesis=VERILOG --output-directory=C:\Users\tianchu.ji\Documents\MvmTensorCore\ips\out_fifo --family="Stratix 10" --part=1SN21BHU2F53E2VG
: out_fifo.fifo_0: Targeting device family: Stratix 10.
: out_fifo.fifo_0: Tab: 'DCFIFO 1' is unavailable while using Single-Clock FIFO.
: out_fifo.fifo_0: Tab: 'DCFIFO 2' is unavailable while using Single-Clock FIFO.
Info: out_fifo: "Transforming system: out_fifo"
Info: out_fifo: "Naming system components in system: out_fifo"
Info: out_fifo: "Processing generation queue"
Info: out_fifo: "Generating: out_fifo"
Info: out_fifo: "Generating: out_fifo_fifo_1910_tx5cw3y"
Info: out_fifo: Done "out_fifo" with 2 modules, 2 files
Info: qsys-generate succeeded.
Info: Finished: Create HDL design files for synthesis
Info: Starting: IP-XACT
Info: qsys-generate C:\Users\tianchu.ji\Documents\MvmTensorCore\ips\out_fifo.ip --synthesis=VERILOG --ipxact --output-directory=C:\Users\tianchu.ji\Documents\MvmTensorCore\ips\out_fifo --family="Stratix 10" --part=1SN21BHU2F53E2VG
Info: Finished: IP-XACT
