./src/generated/enumdefine.v
./src/generated/StreamOutFifo.v
./src/generated/FixedBfpConverter.v
./src/generated/TensorCoreChainBf12.v
./src/main/sverilog/out_asym_fifo.sv
./src/generated/TensorCoreChainRow.v
./src/generated/TensorCoreChainRow_1.v
./src/generated/TensorCoreChainRow_2.v
./src/generated/TensorCoreChainRow_3.v
./src/generated/TensorCoreChainRow_4.v
./src/generated/TensorCoreChainRow_5.v
./src/generated/TensorCoreChainRow_6.v
./src/generated/TensorCoreChainRow_7.v
./src/generated/TensorCoreChainRow_8.v
./src/generated/TensorCoreChainRow_9.v
./src/generated/TensorCoreChainRow_10.v
./src/generated/TensorCoreChainRow_11.v
./src/generated/TensorCoreChainRow_12.v
./src/generated/TensorCoreChainRow_13.v
./src/generated/TensorCoreChainRow_14.v
./src/generated/DelayTree.v
./src/generated/DelayTree_1.v
./src/generated/DelayTree_2.v
./src/generated/StreamOutAsymFifo.v
./src/generated/InputShiftReg.v
./src/generated/InputShiftReg_1.v
./src/generated/TensorCoreChainArray.v
./src/generated/tensor_core_array_wrapper.v
