Info: Generated by version: 20.4 build 72
Info: Starting: Create simulation model
Info: qsys-generate C:\Users\tianchu.ji\Documents\MvmTensorCore\ips\tensor_core_entry_bf12.ip --simulation=VERILOG --allow-mixed-language-simulation --output-directory=C:\Users\tianchu.ji\Documents\MvmTensorCore\ips\tensor_core_entry_bf12 --family="Stratix 10" --part=1SN21BHU2F53E2VG
Info: tensor_core_entry_bf12: "Transforming system: tensor_core_entry_bf12"
Info: tensor_core_entry_bf12: "Naming system components in system: tensor_core_entry_bf12"
Info: tensor_core_entry_bf12: "Processing generation queue"
Info: tensor_core_entry_bf12: "Generating: tensor_core_entry_bf12"
Info: tensor_core_entry_bf12: "Generating: tensor_core_entry_bf12_dsp_prime_10_we4tb7i"
Info: dsp_prime_0: generating top-level entity tensor_core_entry_bf12_dsp_prime_10_we4tb7i
Info: tensor_core_entry_bf12: Done "tensor_core_entry_bf12" with 2 modules, 2 files
Info: Generating the following file(s) for MODELSIM simulator in C:/Users/tianchu.ji/Documents/MvmTensorCore/ips/tensor_core_entry_bf12/sim/ directory:
Info: 	common/modelsim_files.tcl
Info: Generating the following file(s) for RIVIERA simulator in C:/Users/tianchu.ji/Documents/MvmTensorCore/ips/tensor_core_entry_bf12/sim/ directory:
Info: 	common/riviera_files.tcl
Info: For information on how to simulate your IP, see the explanatory comments in the simulator-specific subdirectories under C:/Users/tianchu.ji/Documents/MvmTensorCore/ips/tensor_core_entry_bf12/sim/.
Info: Regenerate these scripts whenever you make any change to any Quartus-generated IP in your project.
Info: qsys-generate succeeded.
Info: Finished: Create simulation model
Info: Starting: Create Modelsim Project.
Info: sim-script-gen --system-file=C:\Users\tianchu.ji\Documents\MvmTensorCore\ips\tensor_core_entry_bf12.ip --output-directory=C:/Users/tianchu.ji/Documents/MvmTensorCore/ips/tensor_core_entry_bf12/sim/ --use-relative-paths=true
Info: Generating the following file(s) for MODELSIM simulator in C:/Users/tianchu.ji/Documents/MvmTensorCore/ips/tensor_core_entry_bf12/sim/ directory:
Info: 	mentor/msim_setup.tcl
Info: Generating the following file(s) for RIVIERA simulator in C:/Users/tianchu.ji/Documents/MvmTensorCore/ips/tensor_core_entry_bf12/sim/ directory:
Info: 	aldec/rivierapro_setup.tcl
Info: For information on how to simulate your IP, see the explanatory comments in the simulator-specific subdirectories under C:/Users/tianchu.ji/Documents/MvmTensorCore/ips/tensor_core_entry_bf12/sim/.
Info: Regenerate these scripts whenever you make any change to any Quartus-generated IP in your project.
Info: Finished: Create Modelsim Project.
Info: 
Info: Starting: Create HDL design files for synthesis
Info: qsys-generate C:\Users\tianchu.ji\Documents\MvmTensorCore\ips\tensor_core_entry_bf12.ip --synthesis=VERILOG --output-directory=C:\Users\tianchu.ji\Documents\MvmTensorCore\ips\tensor_core_entry_bf12 --family="Stratix 10" --part=1SN21BHU2F53E2VG
Info: tensor_core_entry_bf12: "Transforming system: tensor_core_entry_bf12"
Info: tensor_core_entry_bf12: "Naming system components in system: tensor_core_entry_bf12"
Info: tensor_core_entry_bf12: "Processing generation queue"
Info: tensor_core_entry_bf12: "Generating: tensor_core_entry_bf12"
Info: tensor_core_entry_bf12: "Generating: tensor_core_entry_bf12_dsp_prime_10_we4tb7i"
Info: dsp_prime_0: generating top-level entity tensor_core_entry_bf12_dsp_prime_10_we4tb7i
Info: tensor_core_entry_bf12: Done "tensor_core_entry_bf12" with 2 modules, 4 files
Info: qsys-generate succeeded.
Info: Finished: Create HDL design files for synthesis
